__BSS_UNINITIALIZED_head        = $8379 ; const, public, def, , ,
__BSS_UNINITIALIZED_size        = $0002 ; const, public, def, , ,
__BSS_UNINITIALIZED_tail        = $837B ; const, public, def, , ,
__CODE_head                     = $8000 ; const, public, def, , ,
__CODE_size                     = $000C ; const, public, def, , ,
__CODE_tail                     = $800C ; const, public, def, , ,
___str_0                        = $81E0 ; addr, local, , magic_bp_demo_c, rodata_compiler, magic_bp_demo.c:798
___str_1                        = $81F6 ; addr, local, , magic_bp_demo_c, rodata_compiler, magic_bp_demo.c:802
___str_2                        = $820F ; addr, local, , magic_bp_demo_c, rodata_compiler, magic_bp_demo.c:806
___str_3                        = $8225 ; addr, local, , magic_bp_demo_c, rodata_compiler, magic_bp_demo.c:810
___str_4                        = $823D ; addr, local, , magic_bp_demo_c, rodata_compiler, magic_bp_demo.c:814
___str_5                        = $8253 ; addr, local, , magic_bp_demo_c, rodata_compiler, magic_bp_demo.c:818
__bss_error_head                = $8273 ; const, public, def, , ,
__bss_error_size                = $0002 ; const, public, def, , ,
__bss_error_tail                = $8275 ; const, public, def, , ,
__bss_fcntl_head                = $8275 ; const, public, def, , ,
__bss_fcntl_size                = $0100 ; const, public, def, , ,
__bss_fcntl_tail                = $8375 ; const, public, def, , ,
__bss_stdio_head                = $8375 ; const, public, def, , ,
__bss_stdio_size                = $0002 ; const, public, def, , ,
__bss_stdio_tail                = $8377 ; const, public, def, , ,
__bss_stdlib_head               = $8377 ; const, public, def, , ,
__bss_stdlib_size               = $0002 ; const, public, def, , ,
__bss_stdlib_tail               = $8379 ; const, public, def, , ,
__clib_malloc_heap_size         = $FFFFFFFFFFFFFFFF ; const, local, , zxn_crt_asm_m4, , z88dk/lib/config/../..//libsrc/_DEVELOPMENT/target/zxn/zxn_crt.asm.m4:522
__clib_stdio_heap_size          = $0100 ; const, local, , zxn_crt_asm_m4, , z88dk/lib/config/../..//libsrc/_DEVELOPMENT/target/zxn/zxn_crt.asm.m4:541
__code_alloc_malloc_head        = $8048 ; const, public, def, , ,
__code_alloc_malloc_size        = $0022 ; const, public, def, , ,
__code_alloc_malloc_tail        = $806A ; const, public, def, , ,
__code_arch_head                = $806A ; const, public, def, , ,
__code_arch_size                = $0010 ; const, public, def, , ,
__code_arch_tail                = $807A ; const, public, def, , ,
__code_compiler_head            = $80D4 ; const, public, def, , ,
__code_compiler_size            = $010B ; const, public, def, , ,
__code_compiler_tail            = $81DF ; const, public, def, , ,
__code_crt_init_head            = $800C ; const, public, def, , ,
__code_crt_init_size            = $002A ; const, public, def, , ,
__code_crt_init_tail            = $8036 ; const, public, def, , ,
__code_crt_main_head            = $8036 ; const, public, def, , ,
__code_crt_main_size            = $0004 ; const, public, def, , ,
__code_crt_main_tail            = $803A ; const, public, def, , ,
__code_crt_return_head          = $803A ; const, public, def, , ,
__code_crt_return_size          = $000E ; const, public, def, , ,
__code_crt_return_tail          = $8048 ; const, public, def, , ,
__code_error_head               = $807A ; const, public, def, , ,
__code_error_size               = $0016 ; const, public, def, , ,
__code_error_tail               = $8090 ; const, public, def, , ,
__code_l_head                   = $8090 ; const, public, def, , ,
__code_l_sccz80_head            = $80B1 ; const, public, def, , ,
__code_l_sccz80_size            = $0004 ; const, public, def, , ,
__code_l_sccz80_tail            = $80B5 ; const, public, def, , ,
__code_l_size                   = $0021 ; const, public, def, , ,
__code_l_tail                   = $80B1 ; const, public, def, , ,
__code_threads_mutex_head       = $80B5 ; const, public, def, , ,
__code_threads_mutex_size       = $001F ; const, public, def, , ,
__code_threads_mutex_tail       = $80D4 ; const, public, def, , ,
__crt_stack_size                = $0200 ; const, local, , zxn_crt_asm_m4, , z88dk/lib/config/../..//libsrc/_DEVELOPMENT/target/zxn/zxn_crt.asm.m4:172
__data_alloc_malloc_head        = $8269 ; const, public, def, , ,
__data_alloc_malloc_size        = $0002 ; const, public, def, , ,
__data_alloc_malloc_tail        = $826B ; const, public, def, , ,
__data_arch_head                = $826B ; const, public, def, , ,
__data_arch_size                = $0001 ; const, public, def, , ,
__data_arch_tail                = $826C ; const, public, def, , ,
__data_fcntl_head               = $826C ; const, public, def, , ,
__data_fcntl_size               = $0002 ; const, public, def, , ,
__data_fcntl_tail               = $826E ; const, public, def, , ,
__data_stdio_head               = $826E ; const, public, def, , ,
__data_stdio_size               = $0004 ; const, public, def, , ,
__data_stdio_tail               = $8272 ; const, public, def, , ,
__data_threads_head             = $8272 ; const, public, def, , ,
__data_threads_size             = $0001 ; const, public, def, , ,
__data_threads_tail             = $8273 ; const, public, def, , ,
__rodata_compiler_head          = $81E0 ; const, public, def, , ,
__rodata_compiler_size          = $0089 ; const, public, def, , ,
__rodata_compiler_tail          = $8269 ; const, public, def, , ,
__rodata_error_string_end_head  = $81DF ; const, public, def, , ,
__rodata_error_string_end_size  = $0001 ; const, public, def, , ,
__rodata_error_string_end_tail  = $81E0 ; const, public, def, , ,
_main                           = $816A ; addr, public, , magic_bp_demo_c, code_compiler, magic_bp_demo.c:732
_print_char                     = $80D4 ; addr, local, , magic_bp_demo_c, code_compiler, magic_bp_demo.c:631
_print_str                      = $812E ; addr, local, , magic_bp_demo_c, code_compiler, magic_bp_demo.c:693
l_main_00104                    = $8172 ; addr, local, , magic_bp_demo_c, code_compiler, magic_bp_demo.c:736
l_main_00106                    = $8181 ; addr, local, , magic_bp_demo_c, code_compiler, magic_bp_demo.c:745
l_main_00108                    = $81DC ; addr, local, , magic_bp_demo_c, code_compiler, magic_bp_demo.c:794
l_print_char_00102              = $80EE ; addr, local, , magic_bp_demo_c, code_compiler, magic_bp_demo.c:646
l_print_str_00103               = $813F ; addr, local, , magic_bp_demo_c, code_compiler, magic_bp_demo.c:700
l_print_str_00106               = $8167 ; addr, local, , magic_bp_demo_c, code_compiler, magic_bp_demo.c:726
zxn                             = $0000 ; addr, local, , magic_bp_demo_c, , magic_bp_demo.c:205
